Archive member included because of file (symbol)

d:/career/learning/embedded/avr/course/imt/3 - interfacing/avr_workspace/sdk/winavr/bin/../lib/gcc/avr/4.3.3/avr5\libgcc.a(_mulsi3.o)
                              ./ADC_Program.o (__mulsi3)
d:/career/learning/embedded/avr/course/imt/3 - interfacing/avr_workspace/sdk/winavr/bin/../lib/gcc/avr/4.3.3/avr5\libgcc.a(_udivmodhi4.o)
                              ./LCD_Program.o (__udivmodhi4)
d:/career/learning/embedded/avr/course/imt/3 - interfacing/avr_workspace/sdk/winavr/bin/../lib/gcc/avr/4.3.3/avr5\libgcc.a(_udivmodsi4.o)
                              ./ADC_Program.o (__udivmodsi4)
d:/career/learning/embedded/avr/course/imt/3 - interfacing/avr_workspace/sdk/winavr/bin/../lib/gcc/avr/4.3.3/avr5\libgcc.a(_exit.o)
                              d:/career/learning/embedded/avr/course/imt/3 - interfacing/avr_workspace/sdk/winavr/bin/../lib/gcc/avr/4.3.3/../../../../avr/lib/avr5/crtm32.o (exit)

Memory Configuration

Name             Origin             Length             Attributes
text             0x00000000         0x00020000         xr
data             0x00800060         0x0000ffa0         rw !x
eeprom           0x00810000         0x00010000         rw !x
fuse             0x00820000         0x00000400         rw !x
lock             0x00830000         0x00000400         rw !x
signature        0x00840000         0x00000400         rw !x
*default*        0x00000000         0xffffffff

Linker script and memory map

LOAD d:/career/learning/embedded/avr/course/imt/3 - interfacing/avr_workspace/sdk/winavr/bin/../lib/gcc/avr/4.3.3/../../../../avr/lib/avr5/crtm32.o
LOAD ./ADC_Program.o
LOAD ./DIO_Program.o
LOAD ./LCD_Program.o
LOAD ./main.o
LOAD d:/career/learning/embedded/avr/course/imt/3 - interfacing/avr_workspace/sdk/winavr/bin/../lib/gcc/avr/4.3.3/avr5\libgcc.a
LOAD d:/career/learning/embedded/avr/course/imt/3 - interfacing/avr_workspace/sdk/winavr/bin/../lib/gcc/avr/4.3.3/../../../../avr/lib/avr5\libc.a
LOAD d:/career/learning/embedded/avr/course/imt/3 - interfacing/avr_workspace/sdk/winavr/bin/../lib/gcc/avr/4.3.3/avr5\libgcc.a

.hash
 *(.hash)

.dynsym
 *(.dynsym)

.dynstr
 *(.dynstr)

.gnu.version
 *(.gnu.version)

.gnu.version_d
 *(.gnu.version_d)

.gnu.version_r
 *(.gnu.version_r)

.rel.init
 *(.rel.init)

.rela.init
 *(.rela.init)

.rel.text
 *(.rel.text)
 *(.rel.text.*)
 *(.rel.gnu.linkonce.t*)

.rela.text
 *(.rela.text)
 *(.rela.text.*)
 *(.rela.gnu.linkonce.t*)

.rel.fini
 *(.rel.fini)

.rela.fini
 *(.rela.fini)

.rel.rodata
 *(.rel.rodata)
 *(.rel.rodata.*)
 *(.rel.gnu.linkonce.r*)

.rela.rodata
 *(.rela.rodata)
 *(.rela.rodata.*)
 *(.rela.gnu.linkonce.r*)

.rel.data
 *(.rel.data)
 *(.rel.data.*)
 *(.rel.gnu.linkonce.d*)

.rela.data
 *(.rela.data)
 *(.rela.data.*)
 *(.rela.gnu.linkonce.d*)

.rel.ctors
 *(.rel.ctors)

.rela.ctors
 *(.rela.ctors)

.rel.dtors
 *(.rel.dtors)

.rela.dtors
 *(.rela.dtors)

.rel.got
 *(.rel.got)

.rela.got
 *(.rela.got)

.rel.bss
 *(.rel.bss)

.rela.bss
 *(.rela.bss)

.rel.plt
 *(.rel.plt)

.rela.plt
 *(.rela.plt)

.text           0x00000000      0x59a
 *(.vectors)
 .vectors       0x00000000       0x54 d:/career/learning/embedded/avr/course/imt/3 - interfacing/avr_workspace/sdk/winavr/bin/../lib/gcc/avr/4.3.3/../../../../avr/lib/avr5/crtm32.o
                0x00000000                __vectors
                0x00000000                __vector_default
 *(.vectors)
 *(.progmem.gcc*)
 *(.progmem*)
                0x00000054                . = ALIGN (0x2)
                0x00000054                __trampolines_start = .
 *(.trampolines)
 .trampolines   0x00000054        0x0 linker stubs
 *(.trampolines*)
                0x00000054                __trampolines_end = .
 *(.jumptables)
 *(.jumptables*)
 *(.lowtext)
 *(.lowtext*)
                0x00000054                __ctors_start = .
 *(.ctors)
                0x00000054                __ctors_end = .
                0x00000054                __dtors_start = .
 *(.dtors)
                0x00000054                __dtors_end = .
 SORT(*)(.ctors)
 SORT(*)(.dtors)
 *(.init0)
 .init0         0x00000054        0x0 d:/career/learning/embedded/avr/course/imt/3 - interfacing/avr_workspace/sdk/winavr/bin/../lib/gcc/avr/4.3.3/../../../../avr/lib/avr5/crtm32.o
                0x00000054                __init
 *(.init0)
 *(.init1)
 *(.init1)
 *(.init2)
 .init2         0x00000054        0xc d:/career/learning/embedded/avr/course/imt/3 - interfacing/avr_workspace/sdk/winavr/bin/../lib/gcc/avr/4.3.3/../../../../avr/lib/avr5/crtm32.o
 *(.init2)
 *(.init3)
 *(.init3)
 *(.init4)
 *(.init4)
 *(.init5)
 *(.init5)
 *(.init6)
 *(.init6)
 *(.init7)
 *(.init7)
 *(.init8)
 *(.init8)
 *(.init9)
 .init9         0x00000060        0x8 d:/career/learning/embedded/avr/course/imt/3 - interfacing/avr_workspace/sdk/winavr/bin/../lib/gcc/avr/4.3.3/../../../../avr/lib/avr5/crtm32.o
 *(.init9)
 *(.text)
 .text          0x00000068        0x4 d:/career/learning/embedded/avr/course/imt/3 - interfacing/avr_workspace/sdk/winavr/bin/../lib/gcc/avr/4.3.3/../../../../avr/lib/avr5/crtm32.o
                0x00000068                __vector_1
                0x00000068                __vector_12
                0x00000068                __bad_interrupt
                0x00000068                __vector_6
                0x00000068                __vector_3
                0x00000068                __vector_11
                0x00000068                __vector_13
                0x00000068                __vector_17
                0x00000068                __vector_19
                0x00000068                __vector_7
                0x00000068                __vector_5
                0x00000068                __vector_4
                0x00000068                __vector_9
                0x00000068                __vector_2
                0x00000068                __vector_15
                0x00000068                __vector_8
                0x00000068                __vector_14
                0x00000068                __vector_10
                0x00000068                __vector_16
                0x00000068                __vector_18
                0x00000068                __vector_20
 .text          0x0000006c        0x0 ./ADC_Program.o
 .text          0x0000006c        0x0 ./DIO_Program.o
 .text          0x0000006c        0x0 ./LCD_Program.o
 .text          0x0000006c        0x0 ./main.o
 .text          0x0000006c        0x0 d:/career/learning/embedded/avr/course/imt/3 - interfacing/avr_workspace/sdk/winavr/bin/../lib/gcc/avr/4.3.3/avr5\libgcc.a(_mulsi3.o)
 .text          0x0000006c        0x0 d:/career/learning/embedded/avr/course/imt/3 - interfacing/avr_workspace/sdk/winavr/bin/../lib/gcc/avr/4.3.3/avr5\libgcc.a(_udivmodhi4.o)
 .text          0x0000006c        0x0 d:/career/learning/embedded/avr/course/imt/3 - interfacing/avr_workspace/sdk/winavr/bin/../lib/gcc/avr/4.3.3/avr5\libgcc.a(_udivmodsi4.o)
 .text          0x0000006c        0x0 d:/career/learning/embedded/avr/course/imt/3 - interfacing/avr_workspace/sdk/winavr/bin/../lib/gcc/avr/4.3.3/avr5\libgcc.a(_exit.o)
                0x0000006c                . = ALIGN (0x2)
 *(.text.*)
 .text.ADC_VoidInit
                0x0000006c       0x14 ./ADC_Program.o
                0x0000006c                ADC_VoidInit
 .text.ADC_u16ReadValue
                0x00000080       0x1c ./ADC_Program.o
                0x00000080                ADC_u16ReadValue
 .text.ADC_u16ToVoltage
                0x0000009c       0x24 ./ADC_Program.o
                0x0000009c                ADC_u16ToVoltage
 .text.DIO_VoidSetPinDirection
                0x000000c0       0xe6 ./DIO_Program.o
                0x000000c0                DIO_VoidSetPinDirection
 .text.DIO_VoidSetPinValue
                0x000001a6       0xe6 ./DIO_Program.o
                0x000001a6                DIO_VoidSetPinValue
 .text.DIO_U8GetPinValue
                0x0000028c        0x2 ./DIO_Program.o
                0x0000028c                DIO_U8GetPinValue
 .text.DIO_VoidTogglePin
                0x0000028e        0x2 ./DIO_Program.o
                0x0000028e                DIO_VoidTogglePin
 .text.DIO_VoidSetPortValue
                0x00000290       0x22 ./DIO_Program.o
                0x00000290                DIO_VoidSetPortValue
 .text.DIO_VoidSetPortDirection
                0x000002b2       0x22 ./DIO_Program.o
                0x000002b2                DIO_VoidSetPortDirection
 .text.LCD_VoidWriteChar
                0x000002d4       0x4c ./LCD_Program.o
                0x000002d4                LCD_VoidWriteChar
 .text.LCD_VoidWriteNumber
                0x00000320       0x6c ./LCD_Program.o
                0x00000320                LCD_VoidWriteNumber
 .text.LCD_VoidWriteString
                0x0000038c       0x42 ./LCD_Program.o
                0x0000038c                LCD_VoidWriteString
 .text.LCD_VoidWriteCommand
                0x000003ce       0x4c ./LCD_Program.o
                0x000003ce                LCD_VoidWriteCommand
 .text.LCD_VoidSetPosition
                0x0000041a       0x1c ./LCD_Program.o
                0x0000041a                LCD_VoidSetPosition
 .text.LCD_VoidInit
                0x00000436       0x72 ./LCD_Program.o
                0x00000436                LCD_VoidInit
 .text.main     0x000004a8       0x44 ./main.o
                0x000004a8                main
 .text.libgcc   0x000004ec       0x3e d:/career/learning/embedded/avr/course/imt/3 - interfacing/avr_workspace/sdk/winavr/bin/../lib/gcc/avr/4.3.3/avr5\libgcc.a(_mulsi3.o)
                0x000004ec                __mulsi3
 .text.libgcc   0x0000052a       0x28 d:/career/learning/embedded/avr/course/imt/3 - interfacing/avr_workspace/sdk/winavr/bin/../lib/gcc/avr/4.3.3/avr5\libgcc.a(_udivmodhi4.o)
                0x0000052a                __udivmodhi4
 .text.libgcc   0x00000552       0x44 d:/career/learning/embedded/avr/course/imt/3 - interfacing/avr_workspace/sdk/winavr/bin/../lib/gcc/avr/4.3.3/avr5\libgcc.a(_udivmodsi4.o)
                0x00000552                __udivmodsi4
 .text.libgcc   0x00000596        0x0 d:/career/learning/embedded/avr/course/imt/3 - interfacing/avr_workspace/sdk/winavr/bin/../lib/gcc/avr/4.3.3/avr5\libgcc.a(_exit.o)
                0x00000596                . = ALIGN (0x2)
 *(.fini9)
 .fini9         0x00000596        0x0 d:/career/learning/embedded/avr/course/imt/3 - interfacing/avr_workspace/sdk/winavr/bin/../lib/gcc/avr/4.3.3/avr5\libgcc.a(_exit.o)
                0x00000596                exit
                0x00000596                _exit
 *(.fini9)
 *(.fini8)
 *(.fini8)
 *(.fini7)
 *(.fini7)
 *(.fini6)
 *(.fini6)
 *(.fini5)
 *(.fini5)
 *(.fini4)
 *(.fini4)
 *(.fini3)
 *(.fini3)
 *(.fini2)
 *(.fini2)
 *(.fini1)
 *(.fini1)
 *(.fini0)
 .fini0         0x00000596        0x4 d:/career/learning/embedded/avr/course/imt/3 - interfacing/avr_workspace/sdk/winavr/bin/../lib/gcc/avr/4.3.3/avr5\libgcc.a(_exit.o)
 *(.fini0)
                0x0000059a                _etext = .

.data           0x00800060        0x0 load address 0x0000059a
                0x00800060                PROVIDE (__data_start, .)
 *(.data)
 .data          0x00800060        0x0 d:/career/learning/embedded/avr/course/imt/3 - interfacing/avr_workspace/sdk/winavr/bin/../lib/gcc/avr/4.3.3/../../../../avr/lib/avr5/crtm32.o
 .data          0x00800060        0x0 ./ADC_Program.o
 .data          0x00800060        0x0 ./DIO_Program.o
 .data          0x00800060        0x0 ./LCD_Program.o
 .data          0x00800060        0x0 ./main.o
 .data          0x00800060        0x0 d:/career/learning/embedded/avr/course/imt/3 - interfacing/avr_workspace/sdk/winavr/bin/../lib/gcc/avr/4.3.3/avr5\libgcc.a(_mulsi3.o)
 .data          0x00800060        0x0 d:/career/learning/embedded/avr/course/imt/3 - interfacing/avr_workspace/sdk/winavr/bin/../lib/gcc/avr/4.3.3/avr5\libgcc.a(_udivmodhi4.o)
 .data          0x00800060        0x0 d:/career/learning/embedded/avr/course/imt/3 - interfacing/avr_workspace/sdk/winavr/bin/../lib/gcc/avr/4.3.3/avr5\libgcc.a(_udivmodsi4.o)
 .data          0x00800060        0x0 d:/career/learning/embedded/avr/course/imt/3 - interfacing/avr_workspace/sdk/winavr/bin/../lib/gcc/avr/4.3.3/avr5\libgcc.a(_exit.o)
 *(.data*)
 *(.rodata)
 *(.rodata*)
 *(.gnu.linkonce.d*)
                0x00800060                . = ALIGN (0x2)
                0x00800060                _edata = .
                0x00800060                PROVIDE (__data_end, .)

.bss            0x00800060        0x0
                0x00800060                PROVIDE (__bss_start, .)
 *(.bss)
 .bss           0x00800060        0x0 d:/career/learning/embedded/avr/course/imt/3 - interfacing/avr_workspace/sdk/winavr/bin/../lib/gcc/avr/4.3.3/../../../../avr/lib/avr5/crtm32.o
 .bss           0x00800060        0x0 ./ADC_Program.o
 .bss           0x00800060        0x0 ./DIO_Program.o
 .bss           0x00800060        0x0 ./LCD_Program.o
 .bss           0x00800060        0x0 ./main.o
 .bss           0x00800060        0x0 d:/career/learning/embedded/avr/course/imt/3 - interfacing/avr_workspace/sdk/winavr/bin/../lib/gcc/avr/4.3.3/avr5\libgcc.a(_mulsi3.o)
 .bss           0x00800060        0x0 d:/career/learning/embedded/avr/course/imt/3 - interfacing/avr_workspace/sdk/winavr/bin/../lib/gcc/avr/4.3.3/avr5\libgcc.a(_udivmodhi4.o)
 .bss           0x00800060        0x0 d:/career/learning/embedded/avr/course/imt/3 - interfacing/avr_workspace/sdk/winavr/bin/../lib/gcc/avr/4.3.3/avr5\libgcc.a(_udivmodsi4.o)
 .bss           0x00800060        0x0 d:/career/learning/embedded/avr/course/imt/3 - interfacing/avr_workspace/sdk/winavr/bin/../lib/gcc/avr/4.3.3/avr5\libgcc.a(_exit.o)
 *(.bss*)
 *(COMMON)
                0x00800060                PROVIDE (__bss_end, .)
                0x0000059a                __data_load_start = LOADADDR (.data)
                0x0000059a                __data_load_end = (__data_load_start + SIZEOF (.data))

.noinit         0x00800060        0x0
                0x00800060                PROVIDE (__noinit_start, .)
 *(.noinit*)
                0x00800060                PROVIDE (__noinit_end, .)
                0x00800060                _end = .
                0x00800060                PROVIDE (__heap_start, .)

.eeprom         0x00810000        0x0
 *(.eeprom*)
                0x00810000                __eeprom_end = .

.fuse
 *(.fuse)
 *(.lfuse)
 *(.hfuse)
 *(.efuse)

.lock
 *(.lock*)

.signature
 *(.signature*)

.stab
 *(.stab)

.stabstr
 *(.stabstr)

.stab.excl
 *(.stab.excl)

.stab.exclstr
 *(.stab.exclstr)

.stab.index
 *(.stab.index)

.stab.indexstr
 *(.stab.indexstr)

.comment
 *(.comment)

.debug
 *(.debug)

.line
 *(.line)

.debug_srcinfo
 *(.debug_srcinfo)

.debug_sfnames
 *(.debug_sfnames)

.debug_aranges
 *(.debug_aranges)

.debug_pubnames
 *(.debug_pubnames)

.debug_info
 *(.debug_info)
 *(.gnu.linkonce.wi.*)

.debug_abbrev
 *(.debug_abbrev)

.debug_line
 *(.debug_line)

.debug_frame
 *(.debug_frame)

.debug_str
 *(.debug_str)

.debug_loc
 *(.debug_loc)

.debug_macinfo
 *(.debug_macinfo)
OUTPUT(LM35.elf elf32-avr)
LOAD linker stubs
